<html>
<body>
<pre>
<h1>礦ision Build Log</h1>
<h2>Tool Versions:</h2>
IDE-Version: μVision V5.37.0.0
Copyright (C) 2022 ARM Ltd and ARM Germany GmbH. All rights reserved.
License Information: wjh Windows, HP Inc., LIC=65ISZ-J0XS8-CXSU6-DQN4P-LK2DH-R2B82
 
Tool Versions:
Toolchain:       MDK-ARM Plus  Version: 5.37.0.0
Toolchain Path:  D:\mdk\ARM\ARMCC\Bin
C Compiler:      Armcc.exe V5.05 update 1 (build 106)
Assembler:       Armasm.exe V5.05 update 1 (build 106)
Linker/Locator:  ArmLink.exe V5.05 update 1 (build 106)
Library Manager: ArmAr.exe V5.05 update 1 (build 106)
Hex Converter:   FromElf.exe V5.05 update 1 (build 106)
CPU DLL:         SARMCM3.DLL V5.37.0.0
Dialog DLL:      DCM.DLL V1.17.5.0
Target DLL:      STLink\ST-LINKIII-KEIL_SWO.dll V3.0.9.0
Dialog DLL:      TCM.DLL V1.56.1.0
 
<h2>Project:</h2>
C:\Users\OMEN\Desktop\智能计量\STM32采集HLW8032数据代码\USER\USART.uvprojx
Project File Date:  07/06/2022

<h2>Output:</h2>
*** Using Compiler 'V5.05 update 1 (build 106)', folder: 'D:\mdk\ARM\ARMCC\Bin'
Rebuild target 'Target 1'
compiling timer.c...
compiling usart2.c...
compiling usart.c...
compiling usart3.c...
compiling led.c...
compiling system_stm32f10x.c...
compiling delay.c...
compiling stm32f10x_it.c...
compiling main.c...
main.c(25): warning:  #177-D: variable "PUB_BUF" was declared but never referenced
  	 char PUB_BUF[256];
main.c(84): warning:  #177-D: variable "chart" was declared but never referenced
  		unsigned char chart;
main.c: 2 warnings, 0 errors
assembling startup_stm32f10x_hd.s...
compiling lcd.c...
compiling sys.c...
compiling stm32f10x_rcc.c...
compiling core_cm3.c...
compiling stm32f10x_bkp.c...
compiling stm32f10x_adc.c...
compiling stm32f10x_gpio.c...
compiling stm32f10x_cec.c...
compiling misc.c...
compiling stm32f10x_usart.c...
compiling stm32f10x_can.c...
compiling stm32f10x_crc.c...
compiling stm32f10x_dbgmcu.c...
compiling stm32f10x_exti.c...
compiling stm32f10x_flash.c...
compiling stm32f10x_dma.c...
compiling stm32f10x_iwdg.c...
compiling stm32f10x_fsmc.c...
compiling stm32f10x_pwr.c...
compiling stm32f10x_sdio.c...
compiling stm32f10x_rtc.c...
compiling esp8266.c...
compiling stm32f10x_tim.c...
compiling MqttKit.c...
compiling onenet.c...
linking...
Program Size: Code=42096 RO-data=6576 RW-data=92 ZI-data=5980  
FromELF: creating hex file...
"..\OBJ\USART.axf" - 0 Error(s), 2 Warning(s).

<h2>Software Packages used:</h2>

Package Vendor: Keil
                http://www.keil.com/pack/Keil.STM32F1xx_DFP.2.3.0.pack
                Keil.STM32F1xx_DFP.2.3.0
                STMicroelectronics STM32F1 Series Device Support, Drivers and Examples

<h2>Collection of Component include folders:</h2>
  D:/mdk/ARM/Pack/Keil/STM32F1xx_DFP/2.3.0/Device/Include

<h2>Collection of Component Files used:</h2>
Build Time Elapsed:  00:00:06
</pre>
</body>
</html>
